clear
test.t35gx
txt asd:;ASD2asd d wq 3 344t35ü3  ^g+3 
